# Files still reaching the file system around file_access, each with a marked #![allow] (@PLN184 A1).
# Only shrinks: see src/file_access/guard.rs.
src/android.rs
src/bin/loft-keygen.rs
src/build_phase.rs
src/c_call.rs
src/c_shim.rs
src/cache.rs
src/cache_gc.rs
src/crash_report.rs
src/create.rs
src/database/allocation.rs
src/database/journal.rs
src/database/spans.rs
src/diagnostic_render.rs
src/documentation.rs
src/engine_host.rs
src/extensions.rs
src/fuzz_keyed.rs
src/fuzz_oracle.rs
src/gendoc.rs
src/generation/mod.rs
src/host.rs
src/html_embed.rs
src/install.rs
src/introspect.rs
src/ir_read.rs
src/ir_schema.rs
src/ir_store.rs
src/lexer.rs
src/lib_placement/arena.rs
src/lib_placement/wire.rs
src/live_dispatch.rs
src/live_reload.rs
src/lockfile.rs
src/logger.rs
src/lsp.rs
src/main.rs
src/manifest.rs
src/migrate_long.rs
src/native.rs
src/native_lib.rs
src/native_utils.rs
src/op_census.rs
src/package.rs
src/package_layout.rs
src/paged_reader.rs
src/parser/control.rs
src/parser/mod.rs
src/platform.rs
src/radix_db/pages.rs
src/registry.rs
src/registry_advisories.rs
src/registry_index.rs
src/repl.rs
src/resolution_scope.rs
src/rewrite_census.rs
src/sandbox.rs
src/schema_sidecar.rs
src/script.rs
src/self_update.rs
src/serve.rs
src/startup_cache.rs
src/state/mod.rs
src/store.rs
src/store_census.rs
src/test_runner.rs
src/trie_db.rs
src/verify_self.rs
