# Direct file-system access per compiler file, outside src/file_access/.
# Only shrinks: see src/file_access/guard.rs.  Format: <lines> <file>
3 src/android.rs
1 src/build_phase.rs
6 src/cache.rs
6 src/cache_gc.rs
3 src/codegen_runtime.rs
8 src/database/allocation.rs
7 src/database/io.rs
3 src/database/journal.rs
3 src/database/loft_file.rs
6 src/database/spans.rs
1 src/documentation.rs
4 src/extensions.rs
2 src/ir_read.rs
3 src/lexer.rs
3 src/lib_placement/wire.rs
3 src/logger.rs
2 src/lsp.rs
8 src/main.rs
2 src/migrate_long.rs
2 src/native.rs
7 src/native_lib.rs
12 src/native_utils.rs
6 src/package.rs
3 src/package_layout.rs
2 src/paged_reader.rs
1 src/parser/control.rs
4 src/parser/mod.rs
8 src/platform.rs
1 src/png_store.rs
1 src/registry.rs
2 src/registry_index.rs
2 src/repl.rs
3 src/self_update.rs
3 src/state/io.rs
23 src/store.rs
1 src/store_census.rs
1 src/timeout.rs
1 src/verify_self.rs
