# Direct file-system access per compiler file, outside src/file_access/.
# Only shrinks: see src/file_access/guard.rs.  Format: <lines> <file>
21 src/android.rs
1 src/bin/loft-dap.rs
15 src/bin/loft-keygen.rs
2 src/bin/loft-lsp.rs
41 src/build_phase.rs
1 src/c_call.rs
9 src/c_shim.rs
63 src/cache.rs
42 src/cache_gc.rs
16 src/codegen_runtime.rs
1 src/crash_report.rs
4 src/create.rs
7 src/database/allocation.rs
1 src/database/format.rs
11 src/database/io.rs
3 src/database/journal.rs
12 src/database/loft_file.rs
6 src/database/spans.rs
1 src/diagnostic_render.rs
31 src/documentation.rs
15 src/engine_host.rs
43 src/extensions.rs
2 src/fuzz_keyed.rs
6 src/fuzz_oracle.rs
27 src/gendoc.rs
2 src/generation/mod.rs
2 src/host.rs
5 src/html_embed.rs
9 src/install.rs
8 src/introspect.rs
35 src/ir_read.rs
1 src/ir_schema.rs
3 src/ir_store.rs
5 src/lexer.rs
3 src/lib_placement/arena.rs
4 src/lib_placement/wire.rs
9 src/live_dispatch.rs
3 src/live_reload.rs
13 src/lockfile.rs
16 src/logger.rs
7 src/lsp.rs
195 src/main.rs
13 src/manifest.rs
8 src/migrate_long.rs
2 src/native.rs
75 src/native_lib.rs
131 src/native_utils.rs
2 src/op_census.rs
34 src/package.rs
7 src/package_layout.rs
3 src/paged_reader.rs
2 src/parser/control.rs
74 src/parser/mod.rs
46 src/platform.rs
2 src/png_store.rs
1 src/radix_db/pages.rs
15 src/registry.rs
4 src/registry_advisories.rs
51 src/registry_index.rs
14 src/repl.rs
11 src/resolution_scope.rs
2 src/rewrite_census.rs
11 src/schema_sidecar.rs
3 src/script.rs
83 src/self_update.rs
1 src/serve.rs
22 src/startup_cache.rs
6 src/state/io.rs
22 src/store.rs
1 src/store_census.rs
13 src/test_runner.rs
1 src/timeout.rs
1 src/trie_db.rs
11 src/verify_self.rs
