# Direct file-system access per compiler file, outside src/file_access/.
# Only shrinks: see src/file_access/guard.rs.  Format: <lines> <file>
25 src/android.rs
2 src/bin/loft-dap.rs
15 src/bin/loft-keygen.rs
2 src/bin/loft-lsp.rs
43 src/build_phase.rs
1 src/c_call.rs
11 src/c_shim.rs
72 src/cache.rs
47 src/cache_gc.rs
16 src/codegen_runtime.rs
1 src/crash_report.rs
4 src/create.rs
8 src/database/allocation.rs
1 src/database/format.rs
13 src/database/io.rs
3 src/database/journal.rs
12 src/database/loft_file.rs
6 src/database/spans.rs
1 src/diagnostic_render.rs
44 src/documentation.rs
17 src/engine_host.rs
46 src/extensions.rs
2 src/fuzz_keyed.rs
7 src/fuzz_oracle.rs
30 src/gendoc.rs
4 src/generation/mod.rs
2 src/host.rs
5 src/html_embed.rs
10 src/install.rs
8 src/introspect.rs
36 src/ir_read.rs
1 src/ir_schema.rs
3 src/ir_store.rs
8 src/lexer.rs
3 src/lib_placement/arena.rs
4 src/lib_placement/wire.rs
11 src/live_dispatch.rs
3 src/live_reload.rs
14 src/lockfile.rs
19 src/logger.rs
9 src/lsp.rs
221 src/main.rs
13 src/manifest.rs
10 src/migrate_long.rs
2 src/native.rs
97 src/native_lib.rs
154 src/native_utils.rs
2 src/op_census.rs
36 src/package.rs
8 src/package_layout.rs
3 src/paged_reader.rs
2 src/parser/control.rs
82 src/parser/mod.rs
49 src/platform.rs
2 src/png_store.rs
1 src/radix_db/pages.rs
16 src/registry.rs
4 src/registry_advisories.rs
54 src/registry_index.rs
16 src/repl.rs
11 src/resolution_scope.rs
2 src/rewrite_census.rs
1 src/sandbox.rs
12 src/schema_sidecar.rs
4 src/script.rs
83 src/self_update.rs
1 src/serve.rs
24 src/startup_cache.rs
5 src/state/io.rs
4 src/state/mod.rs
23 src/store.rs
1 src/store_census.rs
18 src/test_runner.rs
1 src/timeout.rs
1 src/trie_db.rs
13 src/verify_self.rs
