# path	rule	count — pinned by `make docs-lint-baseline`; read by `make docs-lint`
CLAUDE.md	timeline	15
default/01_code.loft	narration	4
default/01_code.loft	stamp	17
default/02_files.loft	stamp	3
default/04_stacktrace.loft	stamp	1
default/07_reflect.loft	stamp	1
doc/PROMPTS.md	hedge	3
doc/PROMPTS.md	history	1
doc/claude/API_SURFACE.md	timeline	2
doc/claude/BOTH_BACKEND_SWITCHES.md	timeline	13
doc/claude/BRITTLE.md	timeline	11
doc/claude/BROADENING.md	timeline	5
doc/claude/BROWSER_INTEROP.md	timeline	3
doc/claude/BUG_REVIEW.md	timeline	4
doc/claude/BUS_FACTOR.md	history	2
doc/claude/BUS_FACTOR.md	timeline	1
doc/claude/CAVEATS.md	history	1
doc/claude/CAVEATS.md	timeline	40
doc/claude/CI_BUDGET.md	history	3
doc/claude/CI_BUDGET.md	timeline	27
doc/claude/CODE.md	timeline	12
doc/claude/CODEGEN_METHOD.md	timeline	7
doc/claude/COMPATIBILITY.md	history	1
doc/claude/COMPATIBILITY.md	timeline	25
doc/claude/COMPILER.md	timeline	4
doc/claude/COMPILER_PARSER.md	history	1
doc/claude/COMPILER_PARSER.md	timeline	19
doc/claude/CONTROL.md	timeline	4
doc/claude/COPY_DIAGNOSTICS.md	history	1
doc/claude/COPY_DIAGNOSTICS.md	timeline	5
doc/claude/COROUTINE.md	timeline	8
doc/claude/COROUTINE_SAFETY.md	timeline	1
doc/claude/DATABASE.md	history	4
doc/claude/DATABASE.md	timeline	17
doc/claude/DATABASE_INDEXES.md	history	3
doc/claude/DATABASE_INDEXES.md	timeline	36
doc/claude/DATABASE_STORES.md	timeline	5
doc/claude/DEBUG.md	history	2
doc/claude/DEBUG.md	timeline	45
doc/claude/DEBUG_INTROSPECT.md	timeline	3
doc/claude/DEBUG_PROBES.md	timeline	7
doc/claude/DEBUG_STORES.md	history	1
doc/claude/DEBUG_STORES.md	timeline	14
doc/claude/DEBUG_TRACE.md	timeline	5
doc/claude/DEBUG_VIEW.md	timeline	2
doc/claude/DEPS_INVENTORY.md	history	2
doc/claude/DEPS_INVENTORY.md	timeline	9
doc/claude/DESIGN.md	timeline	8
doc/claude/DESIGN_VERIFICATION.md	timeline	2
doc/claude/DEVELOPMENT.md	timeline	1
doc/claude/DIAGNOSTICS.md	history	1
doc/claude/DIAGNOSTICS.md	timeline	28
doc/claude/DOC_QUALITY.md	history	2
doc/claude/DOC_QUALITY.md	timeline	13
doc/claude/DRAWING.md	timeline	1
doc/claude/FIRST_CONTACT.md	timeline	29
doc/claude/FORMALIZATION.md	history	2
doc/claude/FORMALIZATION.md	timeline	4
doc/claude/GALLERY_CI.md	timeline	6
doc/claude/GOALS.md	timeline	7
doc/claude/GOALS_USEFUL_NOT_STABLE.md	timeline	2
doc/claude/GUARDS.md	timeline	49
doc/claude/HTML_EXPORT.md	timeline	13
doc/claude/INCONSISTENCIES.md	timeline	13
doc/claude/INTERFACES.md	timeline	10
doc/claude/INTERFACES_DROP.md	timeline	4
doc/claude/INTERMEDIATE.md	timeline	3
doc/claude/INTERNALS.md	timeline	2
doc/claude/ISSUE_TRACKING.md	history	1
doc/claude/ISSUE_TRACKING.md	timeline	17
doc/claude/LAVITION.md	history	1
doc/claude/LAVITION.md	timeline	16
doc/claude/LAZY_STORES.md	history	1
doc/claude/LAZY_STORES.md	timeline	7
doc/claude/LIBRARY_AUTHORING.md	timeline	8
doc/claude/LIBRARY_PUBLISH.md	timeline	2
doc/claude/LIFETIME.md	history	1
doc/claude/LIFETIME.md	timeline	15
doc/claude/LIFETIME_CLOSURES.md	timeline	5
doc/claude/LOFT.md	timeline	3
doc/claude/LOFT_CONTROL.md	timeline	2
doc/claude/LOFT_DATA.md	history	1
doc/claude/LOFT_DATA.md	timeline	5
doc/claude/LOFT_DECLARATIONS.md	timeline	5
doc/claude/LOFT_DESIGN.md	timeline	2
doc/claude/LOFT_LITERALS.md	timeline	1
doc/claude/LOFT_TEST.md	timeline	3
doc/claude/LOGGER.md	timeline	5
doc/claude/NATIVE-history.md	two-h1	1
doc/claude/NATIVE.md	history	3
doc/claude/NATIVE.md	timeline	32
doc/claude/NATIVE_ARTIFACT_IDENTITY.md	timeline	9
doc/claude/NATIVE_SWITCHES.md	timeline	1
doc/claude/OWNERSHIP_MODEL.md	timeline	29
doc/claude/PACKAGES.md	timeline	9
doc/claude/PACKAGES.md	two-h1	2
doc/claude/PACKAGES_BUILD.md	timeline	3
doc/claude/PACKAGES_C_BINDING.md	history	1
doc/claude/PACKAGES_C_BINDING.md	timeline	2
doc/claude/PERFORMANCE.md	timeline	13
doc/claude/PKG_REGISTRY.md	timeline	10
doc/claude/PKG_REGISTRY_RESOLUTION.md	timeline	7
doc/claude/PKG_REGISTRY_SEARCH.md	timeline	6
doc/claude/PKG_REGISTRY_TRUST.md	timeline	3
doc/claude/PLANNING.md	timeline	9
doc/claude/PLANNING_NATIVE.md	timeline	3
doc/claude/PLANNING_STABILITY.md	timeline	4
doc/claude/PLANNING_WEB.md	timeline	2
doc/claude/PROFILING.md	timeline	4
doc/claude/REFERENCE_REVIEW.md	history	3
doc/claude/REFERENCE_REVIEW.md	timeline	38
doc/claude/REGISTRY_GOVERNANCE.md	timeline	1
doc/claude/REGISTRY_GOVERNANCE.md	two-h1	1
doc/claude/REGISTRY_RECOVERY.md	timeline	2
doc/claude/REGISTRY_SUBMIT.md	timeline	7
doc/claude/RELEASE.md	timeline	7
doc/claude/REMOTE_STORES.md	timeline	6
doc/claude/REPL.md	timeline	1
doc/claude/RUN_BOUNDS.md	timeline	2
doc/claude/SANDBOX.md	timeline	14
doc/claude/SKILLS_REVIEW.md	timeline	3
doc/claude/SLOTS.md	history	1
doc/claude/SLOTS.md	timeline	4
doc/claude/STABILITY_METHOD.md	history	2
doc/claude/STABILITY_METHOD.md	timeline	15
doc/claude/STABILITY_PASS2.md	history	1
doc/claude/STABILITY_PASS2.md	timeline	14
doc/claude/STABILITY_REDFLAG_REMEDIATION.md	timeline	14
doc/claude/STACKTRACE.md	timeline	1
doc/claude/STARTUP_CACHE.md	timeline	10
doc/claude/STDLIB.md	timeline	8
doc/claude/STDLIB_FILES.md	timeline	3
doc/claude/STDLIB_RUNTIME.md	timeline	2
doc/claude/STRONG_POINTS.md	timeline	2
doc/claude/SUBJECTS.md	timeline	3
doc/claude/TESTING.md	timeline	9
doc/claude/THREADING.md	history	1
doc/claude/THREADING.md	timeline	11
doc/claude/THREADING_SAFETY.md	history	1
doc/claude/TUPLES.md	history	1
doc/claude/TUPLES.md	timeline	16
doc/claude/TUPLES.md	two-h1	1
doc/claude/TYPING_RELATION.md	timeline	1
doc/claude/USER_DOCS.md	history	2
doc/claude/USER_DOCS.md	timeline	15
doc/claude/USER_FACING.md	timeline	26
doc/claude/WASM.md	history	2
doc/claude/WASM.md	timeline	13
doc/claude/WASM_THREADING.md	timeline	1
doc/claude/WEB_APPS.md	history	1
doc/claude/WEB_APPS.md	timeline	5
doc/claude/WEB_STACK.md	timeline	5
doc/claude/WINDOWS.md	history	5
doc/claude/WINDOWS.md	timeline	42
doc/claude/WINDOWS_SESSION.md	history	1
doc/claude/WINDOWS_SESSION.md	timeline	15
doc/claude/bars/LUA_BAR.md	timeline	72
doc/claude/bars/OCAML_BAR.md	history	1
doc/claude/bars/OCAML_BAR.md	timeline	70
doc/claude/bars/README.md	timeline	15
doc/claude/drafts/provenance-paragraph.md	timeline	1
doc/claude/drafts/why-loft-is-the-way-it-is.md	timeline	1
doc/claude/formal/IMPLEMENTATIONS.md	history	4
doc/claude/formal/IMPLEMENTATIONS.md	timeline	65
doc/claude/formal/README.md	history	1
doc/claude/formal/README.md	timeline	33
doc/claude/formal/VERIFICATION.md	timeline	24
doc/claude/formal/binding.md	history	1
doc/claude/formal/binding.md	timeline	21
doc/claude/formal/calls.md	history	1
doc/claude/formal/calls.md	timeline	20
doc/claude/formal/closures.md	timeline	20
doc/claude/formal/collections.md	timeline	46
doc/claude/formal/concurrency.md	timeline	1
doc/claude/formal/coroutines.md	timeline	1
doc/claude/formal/formatting.md	history	1
doc/claude/formal/formatting.md	timeline	2
doc/claude/formal/grammar.md	timeline	3
doc/claude/formal/heap.md	history	1
doc/claude/formal/heap.md	timeline	8
doc/claude/formal/interfaces.md	timeline	2
doc/claude/formal/iteration.md	timeline	3
doc/claude/formal/layout.md	timeline	12
doc/claude/formal/matching.md	timeline	6
doc/claude/formal/operational.md	history	1
doc/claude/formal/operational.md	timeline	13
doc/claude/formal/ownership.md	timeline	26
doc/claude/formal/performance.md	timeline	4
doc/claude/formal/rewrites.md	timeline	11
doc/claude/formal/tuples.md	history	1
doc/claude/formal/tuples.md	timeline	23
doc/claude/formal/types.md	timeline	27
doc/claude/presentations/audience-generative-art/README.md	timeline	5
doc/claude/presentations/par/PAR_PRESENTATION.md	timeline	26
doc/claude/presentations/par/PAR_PRESENTATION_SLIDES.md	timeline	1
doc/claude/registry_ci_template/README.md	timeline	3
doc/claude/registry_ci_template/SUBMITTING.md	timeline	1
doc/claude/registry_ci_template/registry_README.md	timeline	1
doc/features/F109.md	hedge	1
doc/features/F22.md	hedge	1
doc/features/F24.md	hedge	1
doc/features/F31.md	hedge	1
doc/features/F4.md	hedge	1
doc/features/F55.md	hedge	1
loft-ffi-build/src/lib.rs	stamp	2
loft-ffi-macros/src/lib.rs	stamp	4
loft-ffi/src/lib.rs	stamp	6
src/api_diff.rs	narration	4
src/api_surface.rs	narration	1
src/arena.rs	narration	2
src/arena.rs	stamp	1
src/bin/loft-lsp.rs	narration	2
src/bin/loft-lsp.rs	stamp	1
src/build_phase.rs	narration	1
src/c_call.rs	narration	2
src/c_call.rs	stamp	23
src/c_shim.rs	narration	1
src/c_shim.rs	stamp	2
src/c_signature.rs	narration	1
src/c_signature.rs	stamp	21
src/cache.rs	narration	4
src/cache.rs	stamp	7
src/cache_gc.rs	narration	2
src/codegen_runtime.rs	narration	5
src/codegen_runtime.rs	stamp	38
src/compile.rs	narration	2
src/compile.rs	stamp	2
src/const_fn.rs	narration	1
src/copy_manifest.rs	narration	3
src/copy_manifest.rs	stamp	1
src/copy_view.rs	narration	3
src/coroutine_layout.rs	stamp	1
src/crash_report.rs	narration	5
src/crash_report.rs	stamp	6
src/data.rs	narration	26
src/data.rs	stamp	78
src/data_store.rs	narration	1
src/data_store.rs	stamp	5
src/database/allocation.rs	narration	17
src/database/allocation.rs	stamp	60
src/database/descriptor.rs	stamp	2
src/database/format.rs	narration	6
src/database/format.rs	stamp	2
src/database/io.rs	narration	1
src/database/io.rs	stamp	4
src/database/journal.rs	narration	2
src/database/journal.rs	stamp	1
src/database/lazy.rs	stamp	10
src/database/loft_file.rs	narration	1
src/database/mod.rs	narration	14
src/database/mod.rs	stamp	29
src/database/search.rs	narration	7
src/database/search.rs	stamp	7
src/database/snapshot.rs	stamp	1
src/database/sql_query.rs	stamp	1
src/database/sql_source.rs	stamp	6
src/database/structures.rs	narration	8
src/database/structures.rs	stamp	19
src/database/types.rs	narration	7
src/database/types.rs	stamp	9
src/debugger.rs	narration	6
src/debugger.rs	stamp	1
src/diagnostic_render.rs	narration	1
src/diagnostic_render.rs	stamp	4
src/diagnostics.rs	narration	2
src/diagnostics.rs	stamp	3
src/documentation.rs	narration	2
src/documentation.rs	stamp	1
src/engine_host.rs	narration	1
src/engine_host.rs	stamp	7
src/extensions.rs	narration	11
src/extensions.rs	stamp	22
src/fuzz_keyed.rs	narration	4
src/fuzz_oracle.rs	narration	1
src/fuzz_oracle.rs	stamp	1
src/gendoc.rs	stamp	1
src/generation/calls.rs	narration	3
src/generation/calls.rs	stamp	13
src/generation/coroutine.rs	narration	3
src/generation/coroutine.rs	stamp	10
src/generation/dispatch.rs	narration	3
src/generation/dispatch.rs	stamp	18
src/generation/emit.rs	narration	7
src/generation/emit.rs	stamp	23
src/generation/hoist.rs	narration	2
src/generation/hoist.rs	stamp	9
src/generation/mod.rs	narration	15
src/generation/mod.rs	stamp	71
src/generation/ops/coroutine.rs	stamp	6
src/generation/ops/default.rs	stamp	1
src/generation/ops/int_compare.rs	stamp	1
src/generation/ops/key_ops.rs	stamp	6
src/generation/ops/mod.rs	stamp	12
src/generation/ops/parallel.rs	stamp	8
src/generation/ops/ref_ops.rs	stamp	1
src/generation/ops/text_ops.rs	stamp	2
src/generation/ops/vector_ops.rs	narration	1
src/generation/ops/vector_ops.rs	stamp	3
src/generation/pre_eval.rs	narration	3
src/generation/pre_eval.rs	stamp	11
src/git_query.rs	narration	1
src/git_query.rs	stamp	1
src/hash.rs	narration	6
src/hash.rs	stamp	3
src/host.rs	narration	1
src/host.rs	stamp	3
src/install.rs	narration	2
src/install.rs	stamp	4
src/introspect.rs	stamp	1
src/ir_node.rs	narration	2
src/ir_read.rs	narration	1
src/ir_read.rs	stamp	19
src/ir_schema.rs	stamp	3
src/ir_schema_gen.rs	stamp	1
src/ir_store.rs	narration	1
src/ir_store.rs	stamp	9
src/json.rs	narration	3
src/json.rs	stamp	1
src/keys.rs	narration	8
src/keys.rs	stamp	25
src/lease.rs	narration	1
src/lease.rs	stamp	2
src/lexer.rs	narration	8
src/lexer.rs	stamp	1
src/lib.rs	narration	3
src/lib.rs	stamp	2
src/lib_placement.rs	stamp	5
src/lib_placement/arena.rs	stamp	2
src/lib_placement/dispatch.rs	narration	1
src/lib_placement/dispatch.rs	stamp	7
src/lib_placement/wire.rs	narration	1
src/lib_placement/wire.rs	stamp	14
src/live_reload.rs	narration	2
src/live_reload.rs	stamp	1
src/log_config.rs	narration	1
src/log_config.rs	stamp	1
src/logger.rs	narration	1
src/logger.rs	stamp	4
src/lsp.rs	narration	1
src/lsp.rs	stamp	6
src/main.rs	narration	24
src/main.rs	stamp	83
src/manifest.rs	stamp	16
src/native.rs	narration	10
src/native.rs	stamp	48
src/native_gate.rs	narration	1
src/native_gate.rs	stamp	2
src/native_lib.rs	narration	11
src/native_lib.rs	stamp	7
src/native_utils.rs	narration	4
src/native_utils.rs	stamp	20
src/net.rs	narration	1
src/net_profile.rs	narration	1
src/null_census.rs	stamp	1
src/ops.rs	narration	4
src/ops.rs	stamp	5
src/ownership_cfg.rs	narration	2
src/ownership_cfg.rs	stamp	11
src/package.rs	narration	2
src/paged_reader.rs	narration	11
src/paged_reader.rs	stamp	1
src/parallel.rs	narration	6
src/parallel.rs	stamp	31
src/parser/builtins.rs	narration	3
src/parser/builtins.rs	stamp	2
src/parser/collections.rs	narration	23
src/parser/collections.rs	stamp	37
src/parser/control.rs	narration	25
src/parser/control.rs	stamp	50
src/parser/definitions.rs	narration	11
src/parser/definitions.rs	stamp	32
src/parser/dispatch.rs	narration	1
src/parser/dispatch.rs	stamp	1
src/parser/expressions.rs	narration	29
src/parser/expressions.rs	stamp	70
src/parser/fields.rs	narration	5
src/parser/fields.rs	stamp	24
src/parser/mod.rs	narration	39
src/parser/mod.rs	stamp	115
src/parser/objects.rs	narration	11
src/parser/objects.rs	stamp	32
src/parser/operators.rs	narration	13
src/parser/operators.rs	stamp	46
src/parser/store_text.rs	stamp	1
src/parser/vectors.rs	narration	12
src/parser/vectors.rs	stamp	76
src/parser/work_buffer.rs	narration	1
src/placement.rs	narration	1
src/placement.rs	stamp	3
src/platform.rs	narration	4
src/platform.rs	stamp	1
src/png_store.rs	narration	1
src/profiler.rs	stamp	7
src/radix_db.rs	narration	4
src/radix_tree.rs	narration	2
src/registry.rs	stamp	1
src/registry_advisories.rs	stamp	3
src/registry_index.rs	narration	3
src/registry_index.rs	stamp	4
src/registry_keys.rs	narration	1
src/registry_keys.rs	stamp	1
src/registry_signing.rs	narration	1
src/repl.rs	narration	15
src/repl.rs	stamp	56
src/resolution_scope.rs	narration	1
src/resolution_scope.rs	stamp	1
src/rpc.rs	stamp	1
src/runtime_error.rs	narration	1
src/runtime_error.rs	stamp	3
src/sandbox.rs	stamp	1
src/scopes.rs	narration	41
src/scopes.rs	stamp	84
src/script.rs	narration	2
src/self_update.rs	narration	2
src/self_update.rs	stamp	2
src/siphash.rs	narration	1
src/spent.rs	narration	1
src/stack.rs	stamp	4
src/stack_census.rs	stamp	1
src/stack_verify.rs	stamp	4
src/startup_cache.rs	narration	2
src/startup_cache.rs	stamp	3
src/state/codegen.rs	narration	13
src/state/codegen.rs	stamp	58
src/state/debug.rs	narration	1
src/state/debug.rs	stamp	3
src/state/io.rs	narration	6
src/state/io.rs	stamp	19
src/state/mod.rs	narration	13
src/state/mod.rs	stamp	76
src/state/text.rs	narration	3
src/state/text.rs	stamp	7
src/store.rs	narration	10
src/store.rs	stamp	46
src/store_budget.rs	stamp	1
src/test_runner.rs	narration	8
src/test_runner.rs	stamp	6
src/timeout.rs	stamp	2
src/tree.rs	narration	1
src/trie_db.rs	narration	1
src/typedef.rs	narration	3
src/typedef.rs	stamp	8
src/use_analysis.rs	narration	14
src/use_analysis.rs	stamp	39
src/variables/intervals.rs	stamp	3
src/variables/mod.rs	narration	17
src/variables/mod.rs	stamp	28
src/variables/slots_v2.rs	stamp	3
src/variables/validate.rs	stamp	6
src/vector.rs	narration	13
src/vector.rs	stamp	5
src/verify_self.rs	narration	1
src/wasm.rs	narration	1
src/wasm.rs	stamp	3
src/wasm_assets.rs	stamp	1
src/wasm_debug.rs	narration	2
src/wasm_threads.rs	stamp	1
tests/fixtures/libs/graphics/native/src/lib.rs	narration	1
tests/fixtures/libs/graphics/native/src/lib.rs	stamp	2
tests/fixtures/libs/graphics/native/src/text.rs	stamp	5
tests/fixtures/libs/imaging/native/src/lib.rs	stamp	2
tests/fixtures/libs/web/native/src/lib.rs	narration	1
tests/fixtures/libs/web/native/src/lib.rs	stamp	3
tests/fixtures/libs/web/native/src/ws_client.rs	stamp	3
tests/lib/native_pkg/native/src/lib.rs	narration	1
tests/lib/native_scalar_pkg/native/src/lib.rs	stamp	1
tools/zt-c-web-staging/web/native/src/lib.rs	narration	1
tools/zt-c-web-staging/web/native/src/lib.rs	stamp	3
tools/zt-c-web-staging/web/native/src/ws_client.rs	stamp	3
tools/zt-c-web-staging/web/wasm/src/lib.rs	narration	1
