# Windows hazards per script (@PLN184 D2 Python, D3 shell).  Only shrinks: see
# src/platform_census.rs.  Format: <lines> <file>
2 bench/portal/analysis/apart/price_mat4_mul.py
2 bench/portal/analysis/apart/price_rig_world_frame3.py
2 bench/portal/analysis/over-9x/cbor_decode/price_levers.py
2 bench/portal/analysis/over-9x/cbor_decode/price_levers2.py
1 bench/portal/analysis/over-9x/graphics_draw_bezier/price_apart_vec.py
1 bench/portal/analysis/over-9x/graphics_draw_bezier/price_held_stacks.py
2 bench/portal/analysis/over-9x/pluginabi_check_request/price_text_borrow.py
2 bench/portal/analysis/over-9x/pluginabi_check_request/price_view_return.py
2 bench/portal/analysis/over-9x/server_header/price_levers.py
2 bench/portal/analysis/over-9x/zttext_flow_layout_full/price_keep.py
2 bench/portal/analysis/over-9x/zttext_flow_layout_full/price_lib.py
1 bench/portal/analysis/over-9x/zttext_flow_layout_full/price_pool.py
7 bench/portal/portal.py
9 bench/stats.py
2 doc/claude/plans/106-android-build-target/b2-spike/run_emulator_test.sh
3 doc/claude/plans/118-store-lifetime-uaf-mutated-vector/oracle/run-matrix.sh
3 doc/claude/plans/146-content-delivery/corpus/oracle/draw.py
1 doc/claude/plans/146-content-delivery/corpus/w2.sh
1 doc/claude/plans/146-content-delivery/corpus/w5.sh
1 doc/claude/plans/146-content-delivery/probes/w2_raster.py
2 doc/claude/plans/164-activation-arena/bytecode-comparisons/A0-lazy-mint-hand-patch.py
2 doc/claude/plans/164-activation-arena/bytecode-comparisons/C6-nested-literal-hand-patch.py
2 doc/claude/plans/182-user-operator-methods/census.py
2 doc/claude/plans/183-docs-in-repl-and-ide/probe_constructs.py
2 doc/claude/plans/183-docs-in-repl-and-ide/probe_grouping.py
3 doc/claude/plans/183-docs-in-repl-and-ide/probe_keys.py
2 doc/claude/plans/35-match-peg/rest-store-lifetime/gen_probes.py
2 doc/claude/plans/35-match-peg/rest-store-lifetime/run_oracle.sh
1 doc/claude/plans/85-store-lifetime-retirement/fuzz/classify_vs_runtime.py
1 doc/claude/plans/85-store-lifetime-retirement/fuzz/grammar_gen.py
2 doc/claude/plans/85-store-lifetime-retirement/fuzz/ownership_fuzz.py
3 doc/claude/plans/h2-append-elision/probes/run-callee.sh
4 doc/claude/plans/h2-append-elision/probes/run-join.sh
1 scripts/api_lint.py
2 scripts/browser/run_golden.sh
2 scripts/bug-review.py
2 scripts/cache_bust_html.py
1 scripts/check-release-published.py
3 scripts/check_native_abi.py
1 scripts/ci-run.sh
1 scripts/ci_budget.sh
2 scripts/ci_failure_digest.py
1 scripts/claim.py
8 scripts/clippy-review.py
1 scripts/compiled_stdlib_fresh.py
3 scripts/disk_headroom.sh
3 scripts/disk_janitor.sh
4 scripts/doc-review.sh
1 scripts/eq_census.sh
3 scripts/falsify.sh
2 scripts/fetch-library-guards.py
9 scripts/find_problems.sh
2 scripts/gallery_render_check.sh
5 scripts/gate_ledger.py
6 scripts/gate_lock.sh
1 scripts/gen-library-catalogue.py
4 scripts/gen-toolchain-entry.py
4 scripts/gen_target_surface.py
1 scripts/hard_cap.sh
1 scripts/inline_audit.py
8 scripts/interp_gap.py
3 scripts/lib_warning_scan.py
3 scripts/lint_sweep.py
2 scripts/migrate_plan_refs.py
2 scripts/migrate_plan_refs_code.py
1 scripts/native_attrib.py
2 scripts/p09_fast_gate.sh
1 scripts/perf_check.py
1 scripts/probe-local.sh
4 scripts/probe_leg_report.sh
1 scripts/receipts_ci.py
1 scripts/reference-review.py
5 scripts/registry-sign.sh
1 scripts/registry_retention_check.py
1 scripts/repro-verify.sh
1 scripts/revalidate_matrix.py
3 scripts/rewrite_census.py
2 scripts/rule_tags.py
3 scripts/script_recheck.sh
2 scripts/skills-review.py
1 scripts/steering_rate.py
1 scripts/test_duration_gate.py
4 scripts/test_speed_gate.py
2 scripts/tmp_headroom.sh
1 scripts/vacuity-sweep.py
3 scripts/valgrind-sweep.sh
6 scripts/validator-dryrun.py
2 scripts/worst.py
3 sketch/draw.py
8 tests/scripts/snap_example.sh
7 tests/scripts/snap_smoke.sh
8 tests/scripts/test_gl_snapshots.sh
1 tests/wasm/coi-server.py
1 tests/wasm/html-plain-server.py
1 tools/audience-demo/run-demo.sh
3 tools/indexer/fix_broken_links.py
2 tools/indexer/rewrite_links.py
1 tools/ir_schema/extract.py
