# Platform gates per file outside platform / file_access: src/ is @PLN184 B1, tests/ is C1.
# Only shrinks: see src/platform_census.rs.  Format: <lines> <file>
4 src/android.rs
4 src/bin/loft-keygen.rs
2 src/build_phase.rs
2 src/c_call.rs
1 src/c_shim.rs
1 src/c_signature.rs
1 src/cache.rs
3 src/cache_gc.rs
12 src/crash_report.rs
2 src/database/allocation.rs
4 src/database/spans.rs
5 src/engine_host.rs
12 src/extensions.rs
5 src/host.rs
2 src/install.rs
4 src/lib_placement.rs
11 src/lib_placement/wire.rs
3 src/lsp.rs
9 src/main.rs
8 src/native_lib.rs
17 src/native_utils.rs
3 src/process_run.rs
3 src/profiler.rs
3 src/repl.rs
2 src/self_update.rs
6 src/store.rs
2 src/test_runner.rs
1 src/verify_self.rs
2 tests/common/mod.rs
3 tests/common/timing.rs
1 tests/crash_report_file.rs
1 tests/crash_report_naming.rs
1 tests/doc_hygiene.rs
1 tests/engine_host_kernel.rs
1 tests/engine_host_placed.rs
1 tests/error_path_state.rs
1 tests/exit_codes.rs
2 tests/format_width_is_bounded.rs
1 tests/fs_symlink.rs
2 tests/lazy_sql_source.rs
1 tests/lib_git.rs
1 tests/lib_process.rs
2 tests/n3_use_native.rs
3 tests/native.rs
11 tests/native_source_key.rs
2 tests/ownership_drop_gate.rs
3 tests/p254_cache_poisoning.rs
1 tests/placement_parity.rs
1 tests/placement_remote.rs
1 tests/placement_worker.rs
3 tests/registry_publish_categories.rs
1 tests/self_update_swap.rs
1 tests/store_persist_loft.rs
1 tests/wasm_debug_relay.rs
1 tests/windows_probe.rs
2 tests/wrap.rs
